
ASPrajna@DESKTOP-OO6LF1L MINGW64 /d/Desktop/git
$ git config
usage: git config [<options>]

Config file location
    --global              use global config file
    --system              use system config file
    --local               use repository config file
    --worktree            use per-worktree config file
    -f, --file <file>     use given config file
    --blob <blob-id>      read config from given blob object

Action
    --get                 get value: name [value-pattern]
    --get-all             get all values: key [value-pattern]
    --get-regexp          get values for regexp: name-regex [value-pattern]
    --get-urlmatch        get value specific for the URL: section[.var] URL
    --replace-all         replace all matching variables: name value [value-pattern]
    --add                 add a new variable: name value
    --unset               remove a variable: name [value-pattern]
    --unset-all           remove all matches: name [value-pattern]
    --rename-section      rename section: old-name new-name
    --remove-section      remove a section: name
    -l, --list            list all
    --fixed-value         use string equality when comparing values to 'value-pattern'
    -e, --edit            open an editor
    --get-color           find the color configured: slot [default]
    --get-colorbool       find the color setting: slot [stdout-is-tty]

Type
    -t, --type <type>     value is given this type
    --bool                value is "true" or "false"
    --int                 value is decimal number
    --bool-or-int         value is --bool or --int
    --bool-or-str         value is --bool or string
    --path                value is a path (file or directory name)
    --expiry-date         value is an expiry date

Other
    -z, --null            terminate values with NUL byte
    --name-only           show variable names only
    --includes            respect include directives on lookup
    --show-origin         show origin of config (file, standard input, blob, command line)
    --show-scope          show scope of config (worktree, local, global, system, command)
    --default <value>     with --get, use default value when missing entry


ASPrajna@DESKTOP-OO6LF1L MINGW64 /d/Desktop/git
$ git config --global user.name Prajna

ASPrajna@DESKTOP-OO6LF1L MINGW64 /d/Desktop/git
$ git config --global user.email asprajna@gmail.com

ASPrajna@DESKTOP-OO6LF1L MINGW64 /d/Desktop/git
$ git config --global user.email
asprajna@gmail.com

ASPrajna@DESKTOP-OO6LF1L MINGW64 /d/Desktop/git
$ git config --global user.name
Prajna

ASPrajna@DESKTOP-OO6LF1L MINGW64 /d/Desktop/git
$ code .

ASPrajna@DESKTOP-OO6LF1L MINGW64 /d/Desktop/git
$ ls

ASPrajna@DESKTOP-OO6LF1L MINGW64 /d/Desktop/git (master)
$ pwd
/d/Desktop/git

ASPrajna@DESKTOP-OO6LF1L MINGW64 /d/Desktop/git (master)
$ ls -lart
total 12
drwxr-xr-x 1 ASPrajna 197609 0 Sep 17 09:48 ../
drwxr-xr-x 1 ASPrajna 197609 0 Sep 17 10:59 ./
drwxr-xr-x 1 ASPrajna 197609 0 Sep 17 10:59 .git/

ASPrajna@DESKTOP-OO6LF1L MINGW64 /d/Desktop/git (master)
$ git status
On branch master

No commits yet

Untracked files:
  (use "git add <file>..." to include in what will be committed)
        index.html

nothing added to commit but untracked files present (use "git add" to track)

ASPrajna@DESKTOP-OO6LF1L MINGW64 /d/Desktop/git (master)
$ git add .

ASPrajna@DESKTOP-OO6LF1L MINGW64 /d/Desktop/git (master)
$ git status
On branch master

No commits yet

Changes to be committed:
  (use "git rm --cached <file>..." to unstage)
        new file:   index.html


ASPrajna@DESKTOP-OO6LF1L MINGW64 /d/Desktop/git (master)
$ git commit -m"save"
[master (root-commit) acb37c1] save
 1 file changed, 0 insertions(+), 0 deletions(-)
 create mode 100644 index.html

ASPrajna@DESKTOP-OO6LF1L MINGW64 /d/Desktop/git (master)
$ git status
On branch master
nothing to commit, working tree clean

ASPrajna@DESKTOP-OO6LF1L MINGW64 /d/Desktop/git (master)
$ touch about.html

ASPrajna@DESKTOP-OO6LF1L MINGW64 /d/Desktop/git (master)
$ touch contact.html

ASPrajna@DESKTOP-OO6LF1L MINGW64 /d/Desktop/git (master)
$ touch monu.html

ASPrajna@DESKTOP-OO6LF1L MINGW64 /d/Desktop/git (master)
$ git add -A

ASPrajna@DESKTOP-OO6LF1L MINGW64 /d/Desktop/git (master)
$ git status
On branch master
Changes to be committed:
  (use "git restore --staged <file>..." to unstage)
        new file:   about.html
        new file:   contact.html
        new file:   monu.html


ASPrajna@DESKTOP-OO6LF1L MINGW64 /d/Desktop/git (master)
$ git checkout
A       about.html
A       contact.html
A       monu.html

ASPrajna@DESKTOP-OO6LF1L MINGW64 /d/Desktop/git (master)
$ git checkout  about.html
Updated 0 paths from the index

ASPrajna@DESKTOP-OO6LF1L MINGW64 /d/Desktop/git (master)
$ git status
On branch master
Changes to be committed:
  (use "git restore --staged <file>..." to unstage)
        new file:   about.html
        new file:   contact.html
        new file:   monu.html

Changes not staged for commit:
  (use "git add <file>..." to update what will be committed)
  (use "git restore <file>..." to discard changes in working directory)
        modified:   index.html


ASPrajna@DESKTOP-OO6LF1L MINGW64 /d/Desktop/git (master)
$ git checkout  index.html
Updated 1 path from the index

ASPrajna@DESKTOP-OO6LF1L MINGW64 /d/Desktop/git (master)
$ git log
commit acb37c1c0c4b057804d839bc0025d54d50825fbf (HEAD -> master)
Author: Prajna <asprajna@gmail.com>
Date:   Sat Sep 17 11:06:20 2022 +0530

    save

ASPrajna@DESKTOP-OO6LF1L MINGW64 /d/Desktop/git (master)
$ git checkout -f

ASPrajna@DESKTOP-OO6LF1L MINGW64 /d/Desktop/git (master)
$ git diff

ASPrajna@DESKTOP-OO6LF1L MINGW64 /d/Desktop/git (master)
$ git add .

ASPrajna@DESKTOP-OO6LF1L MINGW64 /d/Desktop/git (master)
$ git diff

ASPrajna@DESKTOP-OO6LF1L MINGW64 /d/Desktop/git (master)
$ git status
On branch master
Changes to be committed:
  (use "git restore --staged <file>..." to unstage)
        modified:   index.html


ASPrajna@DESKTOP-OO6LF1L MINGW64 /d/Desktop/git (master)
$ git diff

ASPrajna@DESKTOP-OO6LF1L MINGW64 /d/Desktop/git (master)
$ ls
index.html

ASPrajna@DESKTOP-OO6LF1L MINGW64 /d/Desktop/git (master)
$ git diff

ASPrajna@DESKTOP-OO6LF1L MINGW64 /d/Desktop/git (master)
$ git status
On branch master
Changes to be committed:
  (use "git restore --staged <file>..." to unstage)
        modified:   index.html


ASPrajna@DESKTOP-OO6LF1L MINGW64 /d/Desktop/git (master)
$ git commit -m"say"
[master f8a3b54] say
 1 file changed, 2 insertions(+)

ASPrajna@DESKTOP-OO6LF1L MINGW64 /d/Desktop/git (master)
$ git status
On branch master
nothing to commit, working tree clean

ASPrajna@DESKTOP-OO6LF1L MINGW64 /d/Desktop/git (master)
$ git log
commit f8a3b54d220001855298e49a043812762290c2f2 (HEAD -> master)
Author: Prajna <asprajna@gmail.com>
Date:   Sat Sep 17 11:21:53 2022 +0530

    say

commit acb37c1c0c4b057804d839bc0025d54d50825fbf
Author: Prajna <asprajna@gmail.com>
Date:   Sat Sep 17 11:06:20 2022 +0530

    save

ASPrajna@DESKTOP-OO6LF1L MINGW64 /d/Desktop/git (master)
$ git status
On branch master
Changes not staged for commit:
  (use "git add <file>..." to update what will be committed)
  (use "git restore <file>..." to discard changes in working directory)
        modified:   index.html

no changes added to commit (use "git add" and/or "git commit -a")

ASPrajna@DESKTOP-OO6LF1L MINGW64 /d/Desktop/git (master)
$ git diff
diff --git a/index.html b/index.html
index 2e5c28d..69d44a8 100644
--- a/index.html
+++ b/index.html
@@ -1,2 +1,5 @@
 gvhfvgh
-hgchfch
\ No newline at end of file
+hgchfch
+jvj
+gchgv
+cfbgfdc
\ No newline at end of file

ASPrajna@DESKTOP-OO6LF1L MINGW64 /d/Desktop/git (master)
$ git add .

ASPrajna@DESKTOP-OO6LF1L MINGW64 /d/Desktop/git (master)
$ git diff --staged
diff --git a/index.html b/index.html
index 2e5c28d..69d44a8 100644
--- a/index.html
+++ b/index.html
@@ -1,2 +1,5 @@
 gvhfvgh
-hgchfch
\ No newline at end of file
+hgchfch
+jvj
+gchgv
+cfbgfdc
\ No newline at end of file

ASPrajna@DESKTOP-OO6LF1L MINGW64 /d/Desktop/git (master)
$ git commit -a -m "staging skip"
[master 3acc6d3] staging skip
 1 file changed, 4 insertions(+), 1 deletion(-)

ASPrajna@DESKTOP-OO6LF1L MINGW64 /d/Desktop/git (master)
$ git log
commit 3acc6d38d77d21a17f58a5f7c910a17209b97638 (HEAD -> master)
Author: Prajna <asprajna@gmail.com>
Date:   Sat Sep 17 11:28:30 2022 +0530

    staging skip

commit f8a3b54d220001855298e49a043812762290c2f2
Author: Prajna <asprajna@gmail.com>
Date:   Sat Sep 17 11:21:53 2022 +0530

    say

commit acb37c1c0c4b057804d839bc0025d54d50825fbf
Author: Prajna <asprajna@gmail.com>
Date:   Sat Sep 17 11:06:20 2022 +0530

    save

ASPrajna@DESKTOP-OO6LF1L MINGW64 /d/Desktop/git (master)
$ ls
index.html

ASPrajna@DESKTOP-OO6LF1L MINGW64 /d/Desktop/git (master)
$ pwd
/d/Desktop/git

ASPrajna@DESKTOP-OO6LF1L MINGW64 /d/Desktop/git (master)
$ touch waste.txt

ASPrajna@DESKTOP-OO6LF1L MINGW64 /d/Desktop/git (master)
$ git commit -a -m "adding waste"
On branch master
Untracked files:
  (use "git add <file>..." to include in what will be committed)
        waste.txt

nothing added to commit but untracked files present (use "git add" to track)

ASPrajna@DESKTOP-OO6LF1L MINGW64 /d/Desktop/git (master)
$ git add -A

ASPrajna@DESKTOP-OO6LF1L MINGW64 /d/Desktop/git (master)
$ git commit -a -m "adding waste"
[master 7bf39c5] adding waste
 1 file changed, 0 insertions(+), 0 deletions(-)
 create mode 100644 waste.txt

ASPrajna@DESKTOP-OO6LF1L MINGW64 /d/Desktop/git (master)
$ git rm waste.txt
rm 'waste.txt'

ASPrajna@DESKTOP-OO6LF1L MINGW64 /d/Desktop/git (master)
$ git rm --cached waste.html
fatal: pathspec 'waste.html' did not match any files

ASPrajna@DESKTOP-OO6LF1L MINGW64 /d/Desktop/git (master)
$ touch waste.txt

ASPrajna@DESKTOP-OO6LF1L MINGW64 /d/Desktop/git (master)
$ git commit -a -m "adding waste1"
[master 2090d75] adding waste1
 1 file changed, 0 insertions(+), 0 deletions(-)
 delete mode 100644 waste.txt

ASPrajna@DESKTOP-OO6LF1L MINGW64 /d/Desktop/git (master)
$ git rm --cached waste.html
fatal: pathspec 'waste.html' did not match any files

ASPrajna@DESKTOP-OO6LF1L MINGW64 /d/Desktop/git (master)
$ git rm --cached waste.txt
fatal: pathspec 'waste.txt' did not match any files

ASPrajna@DESKTOP-OO6LF1L MINGW64 /d/Desktop/git (master)
$ git status
On branch master
Untracked files:
  (use "git add <file>..." to include in what will be committed)
        waste.txt

nothing added to commit but untracked files present (use "git add" to track)

ASPrajna@DESKTOP-OO6LF1L MINGW64 /d/Desktop/git (master)
$ git log -p -2
commit 2090d7578a79c69dd819d6b5a76761da6155eff9 (HEAD -> master)
Author: Prajna <asprajna@gmail.com>
Date:   Sat Sep 17 11:31:17 2022 +0530

    adding waste1

diff --git a/waste.txt b/waste.txt
deleted file mode 100644
index e69de29..0000000

commit 7bf39c535490561af711ce0b4b1606bf2daa5f32
Author: Prajna <asprajna@gmail.com>
Date:   Sat Sep 17 11:30:06 2022 +0530

    adding waste

diff --git a/waste.txt b/waste.txt
new file mode 100644
index 0000000..e69de29

ASPrajna@DESKTOP-OO6LF1L MINGW64 /d/Desktop/git (master)
$ git log -p
commit 2090d7578a79c69dd819d6b5a76761da6155eff9 (HEAD -> master)
Author: Prajna <asprajna@gmail.com>
Date:   Sat Sep 17 11:31:17 2022 +0530

    adding waste1

diff --git a/waste.txt b/waste.txt
deleted file mode 100644
index e69de29..0000000

commit 7bf39c535490561af711ce0b4b1606bf2daa5f32
Author: Prajna <asprajna@gmail.com>
Date:   Sat Sep 17 11:30:06 2022 +0530

    adding waste

diff --git a/waste.txt b/waste.txt
new file mode 100644
index 0000000..e69de29

commit 3acc6d38d77d21a17f58a5f7c910a17209b97638
Author: Prajna <asprajna@gmail.com>
Date:   Sat Sep 17 11:28:30 2022 +0530

    staging skip

diff --git a/index.html b/index.html
index 2e5c28d..69d44a8 100644
--- a/index.html
+++ b/index.html
@@ -1,2 +1,5 @@
 gvhfvgh
-hgchfch
\ No newline at end of file
+hgchfch
+jvj
+gchgv
+cfbgfdc
\ No newline at end of file

commit f8a3b54d220001855298e49a043812762290c2f2
Author: Prajna <asprajna@gmail.com>
Date:   Sat Sep 17 11:21:53 2022 +0530

    say

diff --git a/index.html b/index.html
index e69de29..2e5c28d 100644
--- a/index.html
+++ b/index.html
@@ -0,0 +1,2 @@
+gvhfvgh
+hgchfch
\ No newline at end of file

commit acb37c1c0c4b057804d839bc0025d54d50825fbf
Author: Prajna <asprajna@gmail.com>
Date:   Sat Sep 17 11:06:20 2022 +0530

    save

diff --git a/index.html b/index.html
new file mode 100644
index 0000000..e69de29
(END)

diff --git a/waste.txt b/waste.txt
new file mode 100644
index 0000000..e69de29

commit 3acc6d38d77d21a17f58a5f7c910a17209b97638
Author: Prajna <asprajna@gmail.com>
Date:   Sat Sep 17 11:28:30 2022 +0530

    staging skip

diff --git a/index.html b/index.html
index 2e5c28d..69d44a8 100644
--- a/index.html
+++ b/index.html
@@ -1,2 +1,5 @@
 gvhfvgh
-hgchfch
\ No newline at end of file
+hgchfch
+jvj
+gchgv
+cfbgfdc
\ No newline at end of file

commit f8a3b54d220001855298e49a043812762290c2f2
Author: Prajna <asprajna@gmail.com>
Date:   Sat Sep 17 11:21:53 2022 +0530

    say

diff --git a/index.html b/index.html
index e69de29..2e5c28d 100644
--- a/index.html
+++ b/index.html
@@ -0,0 +1,2 @@
+gvhfvgh
+hgchfch
\ No newline at end of file

commit acb37c1c0c4b057804d839bc0025d54d50825fbf
Author: Prajna <asprajna@gmail.com>
Date:   Sat Sep 17 11:06:20 2022 +0530

    save

diff --git a/index.html b/index.html
new file mode 100644
index 0000000..e69de29
...skipping...

diff --git a/waste.txt b/waste.txt
new file mode 100644
index 0000000..e69de29

commit 3acc6d38d77d21a17f58a5f7c910a17209b97638
Author: Prajna <asprajna@gmail.com>
Date:   Sat Sep 17 11:28:30 2022 +0530

    staging skip

diff --git a/index.html b/index.html
index 2e5c28d..69d44a8 100644
--- a/index.html
+++ b/index.html
@@ -1,2 +1,5 @@
 gvhfvgh
-hgchfch
\ No newline at end of file
+hgchfch
+jvj
+gchgv
+cfbgfdc
\ No newline at end of file

commit f8a3b54d220001855298e49a043812762290c2f2
Author: Prajna <asprajna@gmail.com>
Date:   Sat Sep 17 11:21:53 2022 +0530

    say

diff --git a/index.html b/index.html
index e69de29..2e5c28d 100644
--- a/index.html
+++ b/index.html
@@ -0,0 +1,2 @@
+gvhfvgh
+hgchfch
\ No newline at end of file

commit acb37c1c0c4b057804d839bc0025d54d50825fbf
Author: Prajna <asprajna@gmail.com>
Date:   Sat Sep 17 11:06:20 2022 +0530

    save

diff --git a/index.html b/index.html
new file mode 100644
index 0000000..e69de29
...skipping...

diff --git a/waste.txt b/waste.txt
new file mode 100644
index 0000000..e69de29

commit 3acc6d38d77d21a17f58a5f7c910a17209b97638
Author: Prajna <asprajna@gmail.com>
Date:   Sat Sep 17 11:28:30 2022 +0530

    staging skip

diff --git a/index.html b/index.html
index 2e5c28d..69d44a8 100644
--- a/index.html
+++ b/index.html
@@ -1,2 +1,5 @@
 gvhfvgh
-hgchfch
\ No newline at end of file
+hgchfch
+jvj
+gchgv
+cfbgfdc
\ No newline at end of file

commit f8a3b54d220001855298e49a043812762290c2f2
Author: Prajna <asprajna@gmail.com>
Date:   Sat Sep 17 11:21:53 2022 +0530

    say

diff --git a/index.html b/index.html
index e69de29..2e5c28d 100644
--- a/index.html
+++ b/index.html
@@ -0,0 +1,2 @@
+gvhfvgh
+hgchfch
\ No newline at end of file

commit acb37c1c0c4b057804d839bc0025d54d50825fbf
Author: Prajna <asprajna@gmail.com>
Date:   Sat Sep 17 11:06:20 2022 +0530

    save

diff --git a/index.html b/index.html
new file mode 100644
index 0000000..e69de29
...skipping...

diff --git a/waste.txt b/waste.txt
new file mode 100644
index 0000000..e69de29

commit 3acc6d38d77d21a17f58a5f7c910a17209b97638
Author: Prajna <asprajna@gmail.com>
Date:   Sat Sep 17 11:28:30 2022 +0530

    staging skip

diff --git a/index.html b/index.html
index 2e5c28d..69d44a8 100644
--- a/index.html
+++ b/index.html
@@ -1,2 +1,5 @@
 gvhfvgh
-hgchfch
\ No newline at end of file
+hgchfch
+jvj
+gchgv
+cfbgfdc
\ No newline at end of file

commit f8a3b54d220001855298e49a043812762290c2f2
Author: Prajna <asprajna@gmail.com>
Date:   Sat Sep 17 11:21:53 2022 +0530

    say

diff --git a/index.html b/index.html
index e69de29..2e5c28d 100644
--- a/index.html
+++ b/index.html
@@ -0,0 +1,2 @@
+gvhfvgh
+hgchfch
\ No newline at end of file

commit acb37c1c0c4b057804d839bc0025d54d50825fbf
Author: Prajna <asprajna@gmail.com>
Date:   Sat Sep 17 11:06:20 2022 +0530

    save

diff --git a/index.html b/index.html
new file mode 100644
index 0000000..e69de29
...skipping...

diff --git a/waste.txt b/waste.txt
new file mode 100644
index 0000000..e69de29

commit 3acc6d38d77d21a17f58a5f7c910a17209b97638
Author: Prajna <asprajna@gmail.com>
Date:   Sat Sep 17 11:28:30 2022 +0530

    staging skip

diff --git a/index.html b/index.html
index 2e5c28d..69d44a8 100644
--- a/index.html
+++ b/index.html
@@ -1,2 +1,5 @@
 gvhfvgh
-hgchfch
\ No newline at end of file
+hgchfch
+jvj
+gchgv
+cfbgfdc
\ No newline at end of file

commit f8a3b54d220001855298e49a043812762290c2f2
Author: Prajna <asprajna@gmail.com>
Date:   Sat Sep 17 11:21:53 2022 +0530

    say

diff --git a/index.html b/index.html
index e69de29..2e5c28d 100644
--- a/index.html
+++ b/index.html
@@ -0,0 +1,2 @@
+gvhfvgh
+hgchfch
\ No newline at end of file

commit acb37c1c0c4b057804d839bc0025d54d50825fbf
Author: Prajna <asprajna@gmail.com>
Date:   Sat Sep 17 11:06:20 2022 +0530

    save

diff --git a/index.html b/index.html
new file mode 100644
index 0000000..e69de29
...skipping...

diff --git a/waste.txt b/waste.txt
new file mode 100644
index 0000000..e69de29

commit 3acc6d38d77d21a17f58a5f7c910a17209b97638
Author: Prajna <asprajna@gmail.com>
Date:   Sat Sep 17 11:28:30 2022 +0530

    staging skip

diff --git a/index.html b/index.html
index 2e5c28d..69d44a8 100644
--- a/index.html
+++ b/index.html
@@ -1,2 +1,5 @@
 gvhfvgh
-hgchfch
\ No newline at end of file
+hgchfch
+jvj
+gchgv
+cfbgfdc
\ No newline at end of file

commit f8a3b54d220001855298e49a043812762290c2f2
Author: Prajna <asprajna@gmail.com>
Date:   Sat Sep 17 11:21:53 2022 +0530

    say

diff --git a/index.html b/index.html
index e69de29..2e5c28d 100644
--- a/index.html
+++ b/index.html
@@ -0,0 +1,2 @@
+gvhfvgh
+hgchfch
\ No newline at end of file

commit acb37c1c0c4b057804d839bc0025d54d50825fbf
Author: Prajna <asprajna@gmail.com>
Date:   Sat Sep 17 11:06:20 2022 +0530

    save

diff --git a/index.html b/index.html
new file mode 100644
index 0000000..e69de29
...skipping...

diff --git a/waste.txt b/waste.txt
new file mode 100644
index 0000000..e69de29

commit 3acc6d38d77d21a17f58a5f7c910a17209b97638
Author: Prajna <asprajna@gmail.com>
Date:   Sat Sep 17 11:28:30 2022 +0530

    staging skip

diff --git a/index.html b/index.html
index 2e5c28d..69d44a8 100644
--- a/index.html
+++ b/index.html
@@ -1,2 +1,5 @@
 gvhfvgh
-hgchfch
\ No newline at end of file
+hgchfch
+jvj
+gchgv
+cfbgfdc
\ No newline at end of file

commit f8a3b54d220001855298e49a043812762290c2f2
Author: Prajna <asprajna@gmail.com>
Date:   Sat Sep 17 11:21:53 2022 +0530

    say

diff --git a/index.html b/index.html
index e69de29..2e5c28d 100644
--- a/index.html
+++ b/index.html
@@ -0,0 +1,2 @@
+gvhfvgh
+hgchfch
\ No newline at end of file

commit acb37c1c0c4b057804d839bc0025d54d50825fbf
Author: Prajna <asprajna@gmail.com>
Date:   Sat Sep 17 11:06:20 2022 +0530

    save

diff --git a/index.html b/index.html
new file mode 100644
index 0000000..e69de29
...skipping...

diff --git a/waste.txt b/waste.txt
new file mode 100644
index 0000000..e69de29

commit 3acc6d38d77d21a17f58a5f7c910a17209b97638
Author: Prajna <asprajna@gmail.com>
Date:   Sat Sep 17 11:28:30 2022 +0530

    staging skip

diff --git a/index.html b/index.html
index 2e5c28d..69d44a8 100644
--- a/index.html
+++ b/index.html
@@ -1,2 +1,5 @@
 gvhfvgh
-hgchfch
\ No newline at end of file
+hgchfch
+jvj
+gchgv
+cfbgfdc
\ No newline at end of file

commit f8a3b54d220001855298e49a043812762290c2f2
Author: Prajna <asprajna@gmail.com>
Date:   Sat Sep 17 11:21:53 2022 +0530

    say

diff --git a/index.html b/index.html
index e69de29..2e5c28d 100644
--- a/index.html
+++ b/index.html
@@ -0,0 +1,2 @@
+gvhfvgh
+hgchfch
\ No newline at end of file

commit acb37c1c0c4b057804d839bc0025d54d50825fbf
Author: Prajna <asprajna@gmail.com>
Date:   Sat Sep 17 11:06:20 2022 +0530

    save

diff --git a/index.html b/index.html
new file mode 100644
index 0000000..e69de29
...skipping...

diff --git a/waste.txt b/waste.txt
new file mode 100644
index 0000000..e69de29

commit 3acc6d38d77d21a17f58a5f7c910a17209b97638
Author: Prajna <asprajna@gmail.com>
Date:   Sat Sep 17 11:28:30 2022 +0530

    staging skip

diff --git a/index.html b/index.html
index 2e5c28d..69d44a8 100644
--- a/index.html
+++ b/index.html
@@ -1,2 +1,5 @@
 gvhfvgh
-hgchfch
\ No newline at end of file
+hgchfch
+jvj
+gchgv
+cfbgfdc
\ No newline at end of file

commit f8a3b54d220001855298e49a043812762290c2f2
Author: Prajna <asprajna@gmail.com>
Date:   Sat Sep 17 11:21:53 2022 +0530

    say

diff --git a/index.html b/index.html
index e69de29..2e5c28d 100644
--- a/index.html
+++ b/index.html
@@ -0,0 +1,2 @@
+gvhfvgh
+hgchfch
\ No newline at end of file

commit acb37c1c0c4b057804d839bc0025d54d50825fbf
Author: Prajna <asprajna@gmail.com>
Date:   Sat Sep 17 11:06:20 2022 +0530

    save

diff --git a/index.html b/index.html
new file mode 100644
index 0000000..e69de29
...skipping...

diff --git a/waste.txt b/waste.txt
new file mode 100644
index 0000000..e69de29

commit 3acc6d38d77d21a17f58a5f7c910a17209b97638
Author: Prajna <asprajna@gmail.com>
Date:   Sat Sep 17 11:28:30 2022 +0530

    staging skip

diff --git a/index.html b/index.html
index 2e5c28d..69d44a8 100644
--- a/index.html
+++ b/index.html
@@ -1,2 +1,5 @@
 gvhfvgh
-hgchfch
\ No newline at end of file
+hgchfch
+jvj
+gchgv
+cfbgfdc
\ No newline at end of file

commit f8a3b54d220001855298e49a043812762290c2f2
Author: Prajna <asprajna@gmail.com>
Date:   Sat Sep 17 11:21:53 2022 +0530

    say

diff --git a/index.html b/index.html
index e69de29..2e5c28d 100644
--- a/index.html
+++ b/index.html
@@ -0,0 +1,2 @@
+gvhfvgh
+hgchfch
\ No newline at end of file

commit acb37c1c0c4b057804d839bc0025d54d50825fbf
Author: Prajna <asprajna@gmail.com>
Date:   Sat Sep 17 11:06:20 2022 +0530

    save

diff --git a/index.html b/index.html
new file mode 100644
index 0000000..e69de29

ASPrajna@DESKTOP-OO6LF1L MINGW64 /d/Desktop/git (master)
$ git status -s
?? waste.txt

ASPrajna@DESKTOP-OO6LF1L MINGW64 /d/Desktop/git (master)
$ gir add .
bash: gir: command not found

ASPrajna@DESKTOP-OO6LF1L MINGW64 /d/Desktop/git (master)
$ gir add.
bash: gir: command not found

ASPrajna@DESKTOP-OO6LF1L MINGW64 /d/Desktop/git (master)
$ git add .

ASPrajna@DESKTOP-OO6LF1L MINGW64 /d/Desktop/git (master)
$ git status -s
A  waste.txt

ASPrajna@DESKTOP-OO6LF1L MINGW64 /d/Desktop/git (master)
$ ls
index.html  waste.txt

ASPrajna@DESKTOP-OO6LF1L MINGW64 /d/Desktop/git (master)
$ git status -s
 M index.html
A  waste.txt

ASPrajna@DESKTOP-OO6LF1L MINGW64 /d/Desktop/git (master)
$ touch .gitignore

ASPrajna@DESKTOP-OO6LF1L MINGW64 /d/Desktop/git (master)
$ git status -s
 M index.html
A  waste.txt
?? .gitignore

ASPrajna@DESKTOP-OO6LF1L MINGW64 /d/Desktop/git (master)
$ ls
index.html  waste.txt

ASPrajna@DESKTOP-OO6LF1L MINGW64 /d/Desktop/git (master)
$ git status
On branch master
Changes to be committed:
  (use "git restore --staged <file>..." to unstage)
        new file:   waste.txt

Changes not staged for commit:
  (use "git add <file>..." to update what will be committed)
  (use "git restore <file>..." to discard changes in working directory)
        modified:   index.html

Untracked files:
  (use "git add <file>..." to include in what will be committed)
        .gitignore


ASPrajna@DESKTOP-OO6LF1L MINGW64 /d/Desktop/git (master)
$ touch mylos.txt

ASPrajna@DESKTOP-OO6LF1L MINGW64 /d/Desktop/git (master)
$ git status
On branch master
Changes to be committed:
  (use "git restore --staged <file>..." to unstage)
        new file:   waste.txt

Changes not staged for commit:
  (use "git add <file>..." to update what will be committed)
  (use "git restore <file>..." to discard changes in working directory)
        modified:   index.html

Untracked files:
  (use "git add <file>..." to include in what will be committed)
        .gitignore
        mylogs/
        mylos.txt


ASPrajna@DESKTOP-OO6LF1L MINGW64 /d/Desktop/git (master)
$ git add -A

ASPrajna@DESKTOP-OO6LF1L MINGW64 /d/Desktop/git (master)
$ git status
On branch master
Changes to be committed:
  (use "git restore --staged <file>..." to unstage)
        new file:   .gitignore
        modified:   index.html
        new file:   mylogs/mylos.txt
        new file:   mylos.txt
        new file:   waste.txt


ASPrajna@DESKTOP-OO6LF1L MINGW64 /d/Desktop/git (master)
$ git add -A

ASPrajna@DESKTOP-OO6LF1L MINGW64 /d/Desktop/git (master)
$ git status
On branch master
Changes to be committed:
  (use "git restore --staged <file>..." to unstage)
        new file:   .gitignore
        modified:   index.html
        new file:   mylogs.txt
        new file:   mylogs/mylogs.txt
        new file:   waste.txt


ASPrajna@DESKTOP-OO6LF1L MINGW64 /d/Desktop/git (master)
$ git add -A

ASPrajna@DESKTOP-OO6LF1L MINGW64 /d/Desktop/git (master)
$ git status
On branch master
Changes to be committed:
  (use "git restore --staged <file>..." to unstage)
        new file:   .gitignore
        modified:   index.html
        new file:   mylogs.txt
        new file:   mylogs/mylogs.txt
        new file:   waste.txt


ASPrajna@DESKTOP-OO6LF1L MINGW64 /d/Desktop/git (master)
$ git branch
* master

ASPrajna@DESKTOP-OO6LF1L MINGW64 /d/Desktop/git (master)
$ git branch feature1

ASPrajna@DESKTOP-OO6LF1L MINGW64 /d/Desktop/git (master)
$ git branch
  feature1
* master

ASPrajna@DESKTOP-OO6LF1L MINGW64 /d/Desktop/git (master)
$ git checkout feature1
Switched to branch 'feature1'
A       .gitignore
M       index.html
A       mylogs.txt
A       waste.txt

ASPrajna@DESKTOP-OO6LF1L MINGW64 /d/Desktop/git (feature1)
$ git branch
* feature1
  master

ASPrajna@DESKTOP-OO6LF1L MINGW64 /d/Desktop/git (feature1)
$ git checkout master
Switched to branch 'master'
A       .gitignore
M       index.html
A       mylogs.txt
A       waste.txt

ASPrajna@DESKTOP-OO6LF1L MINGW64 /d/Desktop/git (master)
$ git checkout master feature1
error: pathspec 'feature1' did not match any file(s) known to git

ASPrajna@DESKTOP-OO6LF1L MINGW64 /d/Desktop/git (master)
$ git merge feature1
Already up to date.

ASPrajna@DESKTOP-OO6LF1L MINGW64 /d/Desktop/git (master)
$ git checkout feature1
Already on 'feature1'
A       .gitignore
M       index.html
A       mylogs.txt
A       waste.txt

ASPrajna@DESKTOP-OO6LF1L MINGW64 /d/Desktop/git (feature1)
$ git merge feature1
Already up to date.

ASPrajna@DESKTOP-OO6LF1L MINGW64 /d/Desktop/git (feature1)
$ git merge master
Already up to date.

ASPrajna@DESKTOP-OO6LF1L MINGW64 /d/Desktop/git (feature1)
$ git checkout master
Switched to branch 'master'
A       .gitignore
M       index.html
A       mylogs.txt
A       waste.txt

ASPrajna@DESKTOP-OO6LF1L MINGW64 /d/Desktop/git (master)
$ git merge master
Already up to date.

ASPrajna@DESKTOP-OO6LF1L MINGW64 /d/Desktop/git (master)
$ git checkout feature1
Switched to branch 'feature1'
A       .gitignore
M       index.html
A       mylogs.txt
A       waste.txt

ASPrajna@DESKTOP-OO6LF1L MINGW64 /d/Desktop/git (feature1)
$ git checkout master
Already on 'master'
A       .gitignore
M       index.html
A       mylogs.txt
A       waste.txt

ASPrajna@DESKTOP-OO6LF1L MINGW64 /d/Desktop/git (master)
$ git checkout -b falskInt
Switched to a new branch 'falskInt'

ASPrajna@DESKTOP-OO6LF1L MINGW64 /d/Desktop/git (falskInt)
$ git status
On branch feature1
Changes to be committed:
  (use "git restore --staged <file>..." to unstage)
        new file:   .gitignore
        modified:   index.html
        new file:   mylogs.txt
        new file:   mylogs/mylogs.txt
        new file:   waste.txt

Changes not staged for commit:
  (use "git add/rm <file>..." to update what will be committed)
  (use "git restore <file>..." to discard changes in working directory)
        modified:   .gitignore
        modified:   index.html
        deleted:    mylogs/mylogs.txt
        modified:   waste.txt

Untracked files:
  (use "git add <file>..." to include in what will be committed)
        commands.TXT


ASPrajna@DESKTOP-OO6LF1L MINGW64 /d/Desktop/git (feature1)
$ git checkout master
Switched to branch 'master'
A       .gitignore
M       index.html
A       mylogs.txt
A       waste.txt

ASPrajna@DESKTOP-OO6LF1L MINGW64 /d/Desktop/git (master)
$ git add -A

ASPrajna@DESKTOP-OO6LF1L MINGW64 /d/Desktop/git (master)
$ git commit -a -m "addin"
[master 1368883] addin
 5 files changed, 1185 insertions(+), 5 deletions(-)
 create mode 100644 .gitignore
 create mode 100644 commands.TXT
 create mode 100644 mylogs.txt
 create mode 100644 waste.txt

ASPrajna@DESKTOP-OO6LF1L MINGW64 /d/Desktop/git (master)
$ git status
On branch master
nothing to commit, working tree clean

ASPrajna@DESKTOP-OO6LF1L MINGW64 /d/Desktop/git (master)
$ git remote add origin https://github.com/ASPRAJNA/demo1.git

ASPrajna@DESKTOP-OO6LF1L MINGW64 /d/Desktop/git (master)
$ git remote
origin

ASPrajna@DESKTOP-OO6LF1L MINGW64 /d/Desktop/git (master)
$ git remote -v
origin  https://github.com/ASPRAJNA/demo1.git (fetch)
origin  https://github.com/ASPRAJNA/demo1.git (push)

ASPrajna@DESKTOP-OO6LF1L MINGW64 /d/Desktop/git (master)
$ git push origin master


ASPrajna@DESKTOP-OO6LF1L MINGW64 /d/Desktop/git (master)
$ git push origin master


ASPrajna@DESKTOP-OO6LF1L MINGW64 /d/Desktop/git (master)
$ git push origin master
Enumerating objects: 18, done.
Counting objects: 100% (18/18), done.
Delta compression using up to 8 threads
Compressing objects: 100% (9/9), done.
Writing objects: 100% (18/18), 3.98 KiB | 1.33 MiB/s, done.
Total 18 (delta 1), reused 0 (delta 0), pack-reused 0
remote: Resolving deltas: 100% (1/1), done.
To https://github.com/ASPRAJNA/demo1.git
 * [new branch]      master -> master

ASPrajna@DESKTOP-OO6LF1L MINGW64 /d/Desktop/git (master)
